2022-03-17 22:31:08,350:INFO:Name : Ohad, wins numbers in RPS: 1
2022-03-17 22:44:33,829:INFO:Name : eilon, wins numbers in RPS: 0
2022-03-17 22:45:22,407:INFO:Name : ohad2, wins numbers in RPS: 0
2022-03-17 22:47:03,573:INFO:Name : oakaka, wins numbers in RPS: 0
2022-03-24 00:07:12,140:INFO:Name : Noam, wins numbers in RPS: 1
2022-03-24 00:12:01,032:INFO:Name : Noam, wins numbers in RPS: 0
2022-03-24 00:14:28,680:INFO:Name : eilon, wins numbers in RPS: 0
